warning: profiles for the non root package will be ignored, specify profiles at the workspace root:
package:   /home/jrad/RustroverProjects/edgeray-workspace/rustray/Cargo.toml
workspace: /home/jrad/RustroverProjects/edgeray-workspace/Cargo.toml
warning: profiles for the non root package will be ignored, specify profiles at the workspace root:
package:   /home/jrad/RustroverProjects/edgeray-workspace/rr-ui/Cargo.toml
workspace: /home/jrad/RustroverProjects/edgeray-workspace/Cargo.toml
warning: profiles for the non root package will be ignored, specify profiles at the workspace root:
package:   /home/jrad/RustroverProjects/edgeray-workspace/edgeray-app/reference-ui-design/Cargo.toml
workspace: /home/jrad/RustroverProjects/edgeray-workspace/Cargo.toml
    Checking rustray v1.0.0 (/home/jrad/RustroverProjects/edgeray-workspace/rustray)
error[E0433]: cannot find `billing` in `jobs`
  --> rustray/src/api/users.rs:79:41
   |
79 |     pub traffic_store: Arc<crate::jobs::billing::TrafficStore>,
   |                                         ^^^^^^^ could not find `billing` in `jobs`
   |
note: found an item that was configured out
  --> rustray/src/jobs/mod.rs:10:9
   |
 9 | #[cfg(feature = "full-server")]
   |       ----------------------- the item is gated behind the `full-server` feature
10 | pub mod billing;
   |         ^^^^^^^

warning: unreachable pattern
   --> rustray/src/ffi/mod.rs:610:29
    |
610 |                 "rustray" | "rustray" | "sing-box" | "singbox" => CoreType::RustRay,
    |                 ---------   ^^^^^^^^^ no value can reach this
    |                 |
    |                 matches all the relevant values
    |
    = note: `#[warn(unreachable_patterns)]` (part of `#[warn(unused)]`) on by default

warning: unreachable pattern
   --> rustray/src/ffi/mod.rs:628:29
    |
628 |                 "rustray" | "rustray" | "sing-box" | "singbox" => CoreType::RustRay,
    |                 ---------   ^^^^^^^^^ no value can reach this
    |                 |
    |                 matches all the relevant values

For more information about this error, try `rustc --explain E0433`.
warning: `rustray` (lib) generated 2 warnings
error: could not compile `rustray` (lib) due to 1 previous error; 2 warnings emitted
